// Jest Snapshot v1, https://goo.gl/fbAQLP

exports[`Properties renders correctly 1`] = `
<DocumentFragment>
  <h2>
    Properties
  </h2>
  <div
    class="PropertyContainer"
  />
</DocumentFragment>
`;
